
 Start  Stop   Length Name               Class

 00000H 00E45H 00E46H _TEXT              CODE
 00E50H 00E50H 00000H _DATA              DATA
 00E50H 052BFH 04470H _BSS               BSS


Detailed map of segments

 0000:0000 001D C=CODE   S=_TEXT          G=(none)  M=BEGINCOM.ASM ACBP=28
 0000:001D 0071 C=CODE   S=_TEXT          G=(none)  M=MAIN.ASM   ACBP=28
 0000:008E 00FE C=CODE   S=_TEXT          G=(none)  M=TIMER.ASM  ACBP=28
 0000:018C 00D8 C=CODE   S=_TEXT          G=(none)  M=SCREEN.ASM ACBP=28
 0000:0264 0109 C=CODE   S=_TEXT          G=(none)  M=PADDLE.ASM ACBP=28
 0000:036D 025D C=CODE   S=_TEXT          G=(none)  M=PIXEL.ASM  ACBP=28
 0000:05CA 0102 C=CODE   S=_TEXT          G=(none)  M=KEYBOARD.ASM ACBP=28
 0000:06CC 007F C=CODE   S=_TEXT          G=(none)  M=BLOCK.ASM  ACBP=28
 0000:074B 0096 C=CODE   S=_TEXT          G=(none)  M=COMPOSTE.ASM ACBP=28
 0000:07E1 02F7 C=CODE   S=_TEXT          G=(none)  M=PAUSE.ASM  ACBP=28
 0000:0AD8 0216 C=CODE   S=_TEXT          G=(none)  M=BALL.ASM   ACBP=28
 0000:0CEE 004F C=CODE   S=_TEXT          G=(none)  M=SCORE.ASM  ACBP=28
 0000:0D3D 0109 C=CODE   S=_TEXT          G=(none)  M=SOUND.ASM  ACBP=28
 0000:0E46 0000 C=CODE   S=_TEXT          G=(none)  M=ENDCOM.ASM ACBP=28
 00E5:0000 0000 C=DATA   S=_DATA          G=(none)  M=BEGINCOM.ASM ACBP=68
 00E5:0000 0000 C=BSS    S=_BSS           G=(none)  M=BEGINCOM.ASM ACBP=68
 00E5:0000 0002 C=BSS    S=_BSS           G=(none)  M=MAIN.ASM   ACBP=68
 00E5:0010 000E C=BSS    S=_BSS           G=(none)  M=TIMER.ASM  ACBP=68
 00E5:0020 0000 C=BSS    S=_BSS           G=(none)  M=SCREEN.ASM ACBP=68
 00E5:0020 0010 C=BSS    S=_BSS           G=(none)  M=PADDLE.ASM ACBP=68
 00E5:0030 0005 C=BSS    S=_BSS           G=(none)  M=KEYBOARD.ASM ACBP=68
 00E5:0040 0000 C=BSS    S=_BSS           G=(none)  M=PAUSE.ASM  ACBP=68
 00E5:0040 0008 C=BSS    S=_BSS           G=(none)  M=BALL.ASM   ACBP=68
 00E5:0050 0004 C=BSS    S=_BSS           G=(none)  M=SCORE.ASM  ACBP=68
 00E5:0060 000C C=BSS    S=_BSS           G=(none)  M=SOUND.ASM  ACBP=68
 00E5:0070 4400 C=BSS    S=_BSS           G=(none)  M=ENDCOM.ASM ACBP=68

  Address         Publics by Name

 00E5:0031 idle  OLD_KEY_INT
 00E5:0010 idle  OLD_TIMER_INT
 00E5:0040 idle  _BALL_POSITION
 00E5:0044 idle  _BALL_VELOCITY
 0000:06CC       _BLOCK
 0000:0E46       _CODEEND
 0000:0000 idle  _COLD_START
 0000:0C9E idle  _COLLISION
 0000:074B       _COMPOSITE
 0000:0782 idle  _COMPOSITE_TO_DISPLAY
 0000:07B8       _COPY_TO_DISPLAY
 0000:0C6E       _DRAW_BALL
 0000:0332       _DRAW_PADDLES
 0000:04A1 idle  _ELLIPSE
 00E5:001C       _FIRST_TIME
 00E5:0016       _GAME_PAUSED
 00E5:001A       _GAME_RUNNING
 00E5:0070       _IMAGE
 0000:0176       _INCREASE_SPEED
 0000:0AD8       _INIT_BALL
 0000:0264       _INIT_PADDLE
 0000:0CEE       _INIT_SCORE
 0000:0D3D       _INIT_SOUND
 0000:0685       _INSTALL_KEY_INT
 0000:00F1       _INSTALL_TIMER_INT
 0000:0D21       _IS_GAME_WON
 00E5:0030       _KEY_STATUS
 0000:001D       _MAIN
 0000:005A       _NEW_GAME
 00E5:002C idle  _PADDLE_INTENT
 00E5:0020       _PADDLE_POSITION
 00E5:0028       _PADDLE_VELOCITY
 0000:07E1       _PAUSE_GAME
 00E5:0018       _PLAYER_WITH_BALL
 0000:0D45       _PLAY_SOUND
 0000:018C       _PRINT_SCREEN
 00E5:0000       _QUIT_NOW
 0000:03E3 idle  _READ_PIXEL
 0000:0068       _RESET_ROUND
 0000:0167       _RESET_SPEED
 00E5:0050       _SCORE
 0000:0086 idle  _SET_FIRST_TIME
 0000:0D8F       _SOUND_TICK
 00E5:4470       _STACKBASE
 0000:06B2       _UNINSTALL_KEY_INT
 0000:0126       _UNINSTALL_TIMER_INT
 0000:0B21       _UPDATE_BALL
 0000:0B29 idle  _UPDATE_BALL_POSITION
 0000:0B28 idle  _UPDATE_BALL_VELOCITY
 0000:028F       _UPDATE_PADDLE
 0000:0299 idle  _UPDATE_PADDLE_INTENT
 0000:02D9 idle  _UPDATE_PADDLE_POSITION
 0000:02C6 idle  _UPDATE_PADDLE_VELOCITY
 0000:0CFD       _WIN_ROUND
 0000:036D       _WRITE_CHAR
 0000:03AB       _WRITE_PIXEL
 0000:045E idle  _XORELLIPSE

  Address         Publics by Value

 0000:0000 idle  _COLD_START
 0000:001D       _MAIN
 0000:005A       _NEW_GAME
 0000:0068       _RESET_ROUND
 0000:0086 idle  _SET_FIRST_TIME
 0000:00F1       _INSTALL_TIMER_INT
 0000:0126       _UNINSTALL_TIMER_INT
 0000:0167       _RESET_SPEED
 0000:0176       _INCREASE_SPEED
 0000:018C       _PRINT_SCREEN
 0000:0264       _INIT_PADDLE
 0000:028F       _UPDATE_PADDLE
 0000:0299 idle  _UPDATE_PADDLE_INTENT
 0000:02C6 idle  _UPDATE_PADDLE_VELOCITY
 0000:02D9 idle  _UPDATE_PADDLE_POSITION
 0000:0332       _DRAW_PADDLES
 0000:036D       _WRITE_CHAR
 0000:03AB       _WRITE_PIXEL
 0000:03E3 idle  _READ_PIXEL
 0000:045E idle  _XORELLIPSE
 0000:04A1 idle  _ELLIPSE
 0000:0685       _INSTALL_KEY_INT
 0000:06B2       _UNINSTALL_KEY_INT
 0000:06CC       _BLOCK
 0000:074B       _COMPOSITE
 0000:0782 idle  _COMPOSITE_TO_DISPLAY
 0000:07B8       _COPY_TO_DISPLAY
 0000:07E1       _PAUSE_GAME
 0000:0AD8       _INIT_BALL
 0000:0B21       _UPDATE_BALL
 0000:0B28 idle  _UPDATE_BALL_VELOCITY
 0000:0B29 idle  _UPDATE_BALL_POSITION
 0000:0C6E       _DRAW_BALL
 0000:0C9E idle  _COLLISION
 0000:0CEE       _INIT_SCORE
 0000:0CFD       _WIN_ROUND
 0000:0D21       _IS_GAME_WON
 0000:0D3D       _INIT_SOUND
 0000:0D45       _PLAY_SOUND
 0000:0D8F       _SOUND_TICK
 0000:0E46       _CODEEND
 00E5:0000       _QUIT_NOW
 00E5:0010 idle  OLD_TIMER_INT
 00E5:0016       _GAME_PAUSED
 00E5:0018       _PLAYER_WITH_BALL
 00E5:001A       _GAME_RUNNING
 00E5:001C       _FIRST_TIME
 00E5:0020       _PADDLE_POSITION
 00E5:0028       _PADDLE_VELOCITY
 00E5:002C idle  _PADDLE_INTENT
 00E5:0030       _KEY_STATUS
 00E5:0031 idle  OLD_KEY_INT
 00E5:0040 idle  _BALL_POSITION
 00E5:0044 idle  _BALL_VELOCITY
 00E5:0050       _SCORE
 00E5:0070       _IMAGE
 00E5:4470       _STACKBASE

Program entry point at 0000:0000
Warning: No stack

